x	y	xlen	ylen	alnlen	matches	pid
a	a	73	73	73	73	1	MMMMMMMMMMMMMMMMMMMMMMMMMMMMMMMMMMMMMMMMMMMMMMMMMMMMMMMMMMMMMMMMMMMMMMMMM
b	b	60	60	60	60	1	MMMMMMMMMMMMMMMMMMMMMMMMMMMMMMMMMMMMMMMMMMMMMMMMMMMMMMMMMMMM
c	c	91	91	91	91	1	MMMMMMMMMMMMMMMMMMMMMMMMMMMMMMMMMMMMMMMMMMMMMMMMMMMMMMMMMMMMMMMMMMMMMMMMMMMMMMMMMMMMMMMMMMM
a	b	73	60	74	15	0.20270270270270271	MSMMISMSMSSSSSSSMSSSMSSSSDSMSSSMSSMSIIIIIIIIIIIISMSMSMSSSSSSSSSSMSSSMSSSIS
b	a	60	73	74	15	0.20270270270270271	MSMMISMSMSSSSSSSMSSSMSSSSDSMSSSMSSMSIIIIIIIIIIIISMSMSMSSSSSSSSSSMSSSMSSSIS
b	c	60	91	92	13	0.14130434782608695	MSSSSSSSSMDDDDDDDDDDDDDDDDMSSSSSSMSSMMSDDDSSSSMSSIMMSSSSSSSSSSMSSSSSDDDDDDDDDDDSSSMSSMSMSSDD
c	b	91	60	92	13	0.14130434782608695	MSSSSSSSSMDDDDDDDDDDDDDDDDMSSSSSSMSSMMSDDDSSSSMSSIMMSSSSSSSSSSMSSSSSDDDDDDDDDDDSSSMSSMSMSSDD
a	c	73	91	99	25	0.25252525252525254	MSSSMSDDDDDDDDDDDDDDDDDDDDDDDDDDMSSMMMMSSSSMSSMMSSMSMMMSSMMSSSMMSISMSSSSSSSSSMMSMSSMSSSSMSSMIIIIIII
c	a	91	73	99	25	0.25252525252525254	MSSSMSDDDDDDDDDDDDDDDDDDDDDDDDDDMSSMMMMSSSSMSSMMSSMSMMMSSMMSSSMMSISMSSSSSSSSSMMSMSSMSSSSMSSMIIIIIII
